A51 MACRO ASSEMBLER  SQUARE_OF_A_NUMBER                                                   12/18/2020 13:53:04 PAGE     1


MACRO ASSEMBLER A51 V8.2.7.0
OBJECT MODULE PLACED IN .\Objects\square_of_a_number.obj
ASSEMBLER INVOKED BY: C:\Keil_v5\C51\BIN\A51.EXE square_of_a_number.asm SET(SMALL) DEBUG PRINT(.\Listings\square_of_a_nu
                      mber.lst) OBJECT(.\Objects\square_of_a_number.obj) EP

LOC  OBJ            LINE     SOURCE

0000                   1     org 0000h
0000 7830              2             mov r0,#30h
0002 E6                3             mov a, @r0
0003 86F0              4             mov b, @r0
0005 A4                5             mul ab
0006 08                6             inc r0
0007 A6F0              7             mov @r0,b
0009 08                8             inc r0
000A F6                9             mov @r0,a
                      10             end
A51 MACRO ASSEMBLER  SQUARE_OF_A_NUMBER                                                   12/18/2020 13:53:04 PAGE     2

SYMBOL TABLE LISTING
------ ----- -------


N A M E             T Y P E  V A L U E   ATTRIBUTES

B. . . . . . . . .  D ADDR   00F0H   A   


REGISTER BANK(S) USED: 0 


ASSEMBLY COMPLETE.  0 WARNING(S), 0 ERROR(S)
